---
source: jeprof/src/collector.rs
expression: buf
---
Size      | Count     | Percentage | Distribution
----------+-----------+------------+--------------------------------------------------
1 B        |         1 |     33.33% | ##################################################
512 B      |         1 |     33.33% | ##################################################
1.0 kiB    |         1 |     33.33% | ##################################################
Total allocations: 1.5 kiB in 3 allocations
